---
layout: post
title:  "Azure Linux VM ADE の有効化方法とディスクの拡張方法"
---

# Azure Linux VM ADE の有効化方法とディスクの拡張方法

Linux VM を ADE を用いて暗号化する手順例です。
始めは OS ディスクのみ暗号化し、次にデータディスクを追加し暗号化、最後に OS ディスクとデータディスクを拡張します。

## 1. VM を作成します
この例では CentOS 7.7 の VM を作成します。
```
$ az vm create -n adevm -g myResourceGroup --size Standard_D4s_v3 --image OpenLogic:CentOS:7.7:7.7.20190920
```

## 2. KeyVault を作成し、高度なアクセスポリシーを設定します

[参考：Azure CLI を使用してキー コンテナーに高度なアクセス ポリシーを設定する](https://docs.microsoft.com/ja-jp/azure/security/azure-security-disk-encryption-prerequisites#bkmk_KVperCLI)

```
$ az keyvault create --name adekv --resource-group myResourceGroup --location japaneast
$ az keyvault update --name adekv --resource-group myResourceGroup --enabled-for-disk-encryption "true"
$ az keyvault update --name adekv --resource-group myResourceGroup --enabled-for-deployment "true"
$ az keyvault update --name adekv --resource-group myResourceGroup --enabled-for-template-deployment "true"
```

## 3. ADE を有効化します

[参考：Linux IaaS VM で Azure Disk Encryption を有効にする](https://docs.microsoft.com/ja-jp/azure/security/azure-security-disk-encryption-linux)

### 3.1 VM に対して ADE を有効化します
```
$ az vm encryption enable --resource-group myResourceGroup --name adevm --disk-encryption-keyvault adekv --volume-type All
```
### 3.1 暗号化が完了するまで待ちます
`Encrypted` と出力されれば完了です。
```
$ az vm encryption show --resource-group myResourceGroup --name adevm --query substatus[].message
[
  "{\"os\": \"Encrypted\", \"data\": \"NotMounted\"}"
]
```

## 4. データディスクを VM に接続します
ここでは Standard HDD 500GB を追加します。

[参考：Linux VM へのディスクの追加](https://docs.microsoft.com/ja-jp/azure/virtual-machines/linux/add-disk)
```
$ az vm disk attach -g myResourceGroup --vm-name adevm --name adevmdata0 --new --size-gb 500 --sku Standard_LRS
```

## 5. データディスクを VM 内でマウントします
[参考：Linux VM を接続して新しいディスクをマウントする](https://docs.microsoft.com/ja-jp/azure/virtual-machines/linux/add-disk#connect-to-the-linux-vm-to-mount-the-new-disk)
### 5.1 VM に ssh 接続します。
```
$ ssh adevm
```
### 5.2 接続したデータディスクのデバイス名を探します
```
$ dmesg | grep SCSI
```
### 5.3 データディスクをフォーマットします
```
$ sudo fdisk /dev/sdd
Welcome to fdisk (util-linux 2.23.2).

Changes will remain in memory only, until you decide to write them.
Be careful before using the write command.

Device does not contain a recognized partition table
Building a new DOS disklabel with disk identifier 0x7dda54bf.

The device presents a logical sector size that is smaller than
the physical sector size. Aligning to a physical sector (or optimal
I/O) size boundary is recommended, or performance may be impacted.

Command (m for help): n
Partition type:
   p   primary (0 primary, 0 extended, 4 free)
   e   extended
Select (default p): p
Partition number (1-4, default 1):
First sector (2048-1048575999, default 2048):
Using default value 2048
Last sector, +sectors or +size{K,M,G} (2048-1048575999, default 1048575999):
Using default value 1048575999
Partition 1 of type Linux and of size 500 GiB is set

Command (m for help): p

Disk /dev/sdd: 536.9 GB, 536870912000 bytes, 1048576000 sectors
Units = sectors of 1 * 512 = 512 bytes
Sector size (logical/physical): 512 bytes / 4096 bytes
I/O size (minimum/optimal): 4096 bytes / 4096 bytes
Disk label type: dos
Disk identifier: 0x7dda54bf

   Device Boot      Start         End      Blocks   Id  System
/dev/sdd1            2048  1048575999   524286976   83  Linux

Command (m for help): w
The partition table has been altered!

Calling ioctl() to re-read partition table.
Syncing disks.
```
### 5.4 ファイルシステムを作成します

```
$ sudo mkfs -t ext4 /dev/sdd1 
mke2fs 1.42.9 (28-Dec-2013)
Discarding device blocks: done                            
Filesystem label=
OS type: Linux
Block size=4096 (log=2)
Fragment size=4096 (log=2)
Stride=0 blocks, Stripe width=0 blocks
32768000 inodes, 131071744 blocks
6553587 blocks (5.00%) reserved for the super user
First data block=0
Maximum filesystem blocks=2279604224
4000 block groups
32768 blocks per group, 32768 fragments per group
8192 inodes per group
Superblock backups stored on blocks: 
        32768, 98304, 163840, 229376, 294912, 819200, 884736, 1605632, 2654208, 
        4096000, 7962624, 11239424, 20480000, 23887872, 71663616, 78675968, 
        102400000

Allocating group tables: done                            
Writing inode tables: done                            
Creating journal (32768 blocks): done
Writing superblocks and filesystem accounting information: done
```
### 5.5 /etc/fstab を追記し、マウントします
```
$ blkid /dev/sdd1
/dev/sdd1: UUID="3de95afe-c793-4f88-8b3f-0bd059e9c132" TYPE="ext4"
$ sudo mkdir /data
$ sudo vi /etc/fstab
$ cat /etc/fstab | grep 3de95afe-c793-4f88-8b3f-0bd059e9c132
UUID=3de95afe-c793-4f88-8b3f-0bd059e9c132 /data                   ext4    defaults        0 0
$ sudo mount -a
$ df /data
Filesystem     1K-blocks  Used Available Use% Mounted on
/dev/sdd1      515927296 73752 489622812   1% /data
```
### 5.6 VM から切断します
```
$ exit
```

## 6. ADE を再度有効化し、データディスクを暗号化します
### 6.1 VM に対してADE を有効にします
```
$ az vm encryption enable --resource-group myResourceGroup --name adevm --disk-encryption-keyvault adekv --volume-type All
```
### 6.2 暗号化が完了するまで待ちます
VM の性能やディスクのサイズによって数時間から数日かかることがあります。
`Encrypted` と出力されれば完了です。
```
$ az vm encryption show --resource-group myResourceGroup --name adevm --query substatus[].message
[
  "{\"os\": \"Encrypted\", \"data\": \"Encrypted\"}"
]
```

## 7. ディスクサイズを拡張します
ここでは、OS ディスクを 127 GB に、データディスクを 1023 GB に拡張します。

[参考：Azure CLI を使用して Linux VM の仮想ハード ディスクを拡張する](https://docs.microsoft.com/ja-jp/azure/virtual-machines/linux/expand-disks)

### 7.1 VM を停止します
```
$ az vm deallocate --resource-group myResourceGroup --name adevm
```
### 7.2 ディスクのサイズを更新します
```
$ osdiskid=$(az vm show --resource-group myResourceGroup --name adevm --query storageProfile.osDisk.managedDisk.id -o tsv)
$ datadiskid=$(az vm show --resource-group myResourceGroup --name adevm --query storageProfile.dataDisks[].managedDisk.id -o tsv)
$ az disk update --ids $osdiskid --size-gb 127
$ az disk update --ids $datadiskid --size-gb 1023
```
### 7.3 VM を開始します
```
$ az vm start --resource-group myResourceGroup --name adevm
```

## 8. VM 内でパーティションサイズを拡張します
### 8.1 VM に接続します
```
$ ssh adevm
```
### 8.2 OS ディスクのパーティション (/dev/sda2) を拡張します
```
$ sudo fdisk /dev/sda

The device presents a logical sector size that is smaller than
the physical sector size. Aligning to a physical sector (or optimal
I/O) size boundary is recommended, or performance may be impacted.
Welcome to fdisk (util-linux 2.23.2).

Changes will remain in memory only, until you decide to write them.
Be careful before using the write command.


Command (m for help): d
Partition number (1,2, default 2): 2
Partition 2 is deleted

Command (m for help): n
Partition type:
   p   primary (1 primary, 0 extended, 3 free)
   e   extended
Select (default p): 
Using default response p
Partition number (2-4, default 2): 
First sector (1026048-266338303, default 1026048): 
Using default value 1026048
Last sector, +sectors or +size{K,M,G} (1026048-266338303, default 266338303): 
Using default value 266338303
Partition 2 of type Linux and of size 126.5 GiB is set

Command (m for help): w
The partition table has been altered!

Calling ioctl() to re-read partition table.

WARNING: Re-reading the partition table failed with error 16: Device or resource busy.
The kernel still uses the old table. The new table will be used at
the next reboot or after you run partprobe(8) or kpartx(8)
Syncing disks.
```
### 8.3 データディスクのパーティション (/dev/sdd1) を拡張します
```
$ sudo fdisk /dev/sdd

The device presents a logical sector size that is smaller than
the physical sector size. Aligning to a physical sector (or optimal
I/O) size boundary is recommended, or performance may be impacted.
Welcome to fdisk (util-linux 2.23.2).

Changes will remain in memory only, until you decide to write them.
Be careful before using the write command.


Command (m for help): d
Selected partition 1
Partition 1 is deleted

Command (m for help): n
Partition type:
   p   primary (0 primary, 0 extended, 4 free)
   e   extended
Select (default p): p
Partition number (1-4, default 1):
First sector (2048-2145386495, default 2048):
Using default value 2048
Last sector, +sectors or +size{K,M,G} (2048-2145386495, default 2145386495):
Using default value 2145386495
Partition 1 of type Linux and of size 1023 GiB is set

Command (m for help): w
The partition table has been altered!

Calling ioctl() to re-read partition table.

WARNING: Re-reading the partition table failed with error 16: Device or resource busy.
The kernel still uses the old table. The new table will be used at
the next reboot or after you run partprobe(8) or kpartx(8)
Syncing disks.
```
### 8.3 パーティションの拡張を反映するため、OS を再起動します
```
$ sudo reboot
```
### 8.4 VM に再接続します
```
$ ssh adevm
```
### 8.5 OS のファイルシステム (xfs) を拡張します
```
$ sudo xfs_growfs /
meta-data=/dev/mapper/osencrypt  isize=512    agcount=4, agsize=1934016 blks
         =                       sectsz=512   attr=2, projid32bit=1
         =                       crc=1        finobt=0 spinodes=0
data     =                       bsize=4096   blocks=7736064, imaxpct=25
         =                       sunit=0      swidth=0 blks
naming   =version 2              bsize=4096   ascii-ci=0 ftype=1
log      =internal               bsize=4096   blocks=3777, version=2
         =                       sectsz=512   sunit=0 blks, lazy-count=1
realtime =none                   extsz=4096   blocks=0, rtextents=0
data blocks changed from 7736064 to 33164032
$ df -h /
Filesystem             Size  Used Avail Use% Mounted on
/dev/mapper/osencrypt  127G  1.5G  126G   2% /
```
### 8.6 データディスクのファイルシステム (ext4) を拡張します
```
$ df -h /data
Filesystem                                        Size  Used Avail Use% Mounted on
/dev/mapper/c7c76333-200f-4a7f-bc23-5f1d18986c28  493G   73M  467G   1% /data

$ sudo resize2fs /dev/mapper/c7c76333-200f-4a7f-bc23-5f1d18986c28 
resize2fs 1.42.9 (28-Dec-2013)
Filesystem at /dev/mapper/c7c76333-200f-4a7f-bc23-5f1d18986c28 is mounted on /data; on-line resizing required
old_desc_blocks = 63, new_desc_blocks = 128
The filesystem on /dev/mapper/c7c76333-200f-4a7f-bc23-5f1d18986c28 is now 268172544 blocks long.

$ df -h /data
Filesystem                                        Size  Used Avail Use% Mounted on
/dev/mapper/c7c76333-200f-4a7f-bc23-5f1d18986c28 1007G   72M  961G   1% /data
```
